node.exe : FAIL tests/unit/auth/LoginForm.test.tsx
At C:\Program Files\nodejs\npx.ps1:29 char:3
+   & $NODE_EXE $NPX_CLI_JS $args
+   ~~~~~~~~~~~~~~~~~~~~~~~~~~~~~
    + CategoryInfo          : NotSpecified: (FAIL tests/unit/auth/LoginF 
   orm.test.tsx:String) [], RemoteException
    + FullyQualifiedErrorId : NativeCommandError
 
  LoginForm
    ├ù renders login form correctly (32 ms)
    ├ù shows validation error for invalid email (4 ms)
    ├ù calls handleLogin and redirects on successful login (4 ms)
    ├ù shows error alert on failed login (3 ms)

  ΓùÅ LoginForm ΓÇ║ renders login form correctly

    Element type is invalid: expected a string (for built-in components) 
or a class/function (for composite components) but got: object.

    Check the render method of `LoginForm`.

    [0m [90m 37 |[39m
     [90m 38 |[39m     it([32m'renders login form 
correctly'[39m[33m,[39m () [33m=>[39m {
    [31m[1m>[22m[39m[90m 39 |[39m         
render([33m<[39m[33mLoginForm[39m [33m/[39m[33m>[39m)
     [90m    |[39m               [31m[1m^[22m[39m
     [90m 40 |[39m         
expect(screen[33m.[39mgetByText([35m/Login to Your 
Account/i[39m))[33m.[39mtoBeInTheDocument()
     [90m 41 |[39m         expect(screen[33m.[39mgetByPlaceholderText
([35m/Email/i[39m))[33m.[39mtoBeInTheDocument()
     [90m 42 |[39m         expect(screen[33m.[39mgetByPlaceholderText
([35m/Password/i[39m))[33m.[39mtoBeInTheDocument()[0m

      at createFiberFromTypeAndProps 
(node_modules/react-dom/cjs/react-dom-client.development.js:5021:28)
      at createFiberFromElement 
(node_modules/react-dom/cjs/react-dom-client.development.js:5035:14)
      at reconcileChildFibersImpl 
(node_modules/react-dom/cjs/react-dom-client.development.js:6920:31)
      at 
node_modules/react-dom/cjs/react-dom-client.development.js:7098:33
      at reconcileChildren 
(node_modules/react-dom/cjs/react-dom-client.development.js:9701:13)
      at beginWork 
(node_modules/react-dom/cjs/react-dom-client.development.js:12049:13)
      at runWithFiberInDEV 
(node_modules/react-dom/cjs/react-dom-client.development.js:874:13)
      at performUnitOfWork 
(node_modules/react-dom/cjs/react-dom-client.development.js:17641:22)
      at workLoopSync 
(node_modules/react-dom/cjs/react-dom-client.development.js:17469:41)
      at renderRootSync 
(node_modules/react-dom/cjs/react-dom-client.development.js:17450:11)
      at performWorkOnRoot 
(node_modules/react-dom/cjs/react-dom-client.development.js:16583:35)
      at performWorkOnRootViaSchedulerTask 
(node_modules/react-dom/cjs/react-dom-client.development.js:18957:7)
      at flushActQueue 
(node_modules/react/cjs/react.development.js:590:34)
      at process.env.NODE_ENV.exports.act 
(node_modules/react/cjs/react.development.js:884:10)
      at node_modules/@testing-library/react/dist/act-compat.js:46:25
      at renderRoot 
(node_modules/@testing-library/react/dist/pure.js:189:26)
      at render (node_modules/@testing-library/react/dist/pure.js:291:10)
      at Object.<anonymous> (tests/unit/auth/LoginForm.test.tsx:39:15)

  ΓùÅ LoginForm ΓÇ║ shows validation error for invalid email

    Element type is invalid: expected a string (for built-in components) 
or a class/function (for composite components) but got: object.

    Check the render method of `LoginForm`.

    [0m [90m 45 |[39m
     [90m 46 |[39m     it([32m'shows validation error for invalid 
email'[39m[33m,[39m [36masync[39m () [33m=>[39m {
    [31m[1m>[22m[39m[90m 47 |[39m         
render([33m<[39m[33mLoginForm[39m [33m/[39m[33m>[39m)
     [90m    |[39m               [31m[1m^[22m[39m
     [90m 48 |[39m         [36mconst[39m emailInput [33m=[39m 
screen[33m.[39mgetByPlaceholderText([35m/Email/i[39m)
     [90m 49 |[39m         [36mconst[39m passwordInput [33m=[39m 
screen[33m.[39mgetByPlaceholderText([35m/Password/i[39m)
     [90m 50 |[39m         [36mconst[39m loginButton [33m=[39m 
screen[33m.[39mgetByRole([32m'button'[39m[33m,[39m { 
name[33m:[39m [35m/Log In/i[39m })[0m

      at createFiberFromTypeAndProps 
(node_modules/react-dom/cjs/react-dom-client.development.js:5021:28)
      at createFiberFromElement 
(node_modules/react-dom/cjs/react-dom-client.development.js:5035:14)
      at reconcileChildFibersImpl 
(node_modules/react-dom/cjs/react-dom-client.development.js:6920:31)
      at 
node_modules/react-dom/cjs/react-dom-client.development.js:7098:33
      at reconcileChildren 
(node_modules/react-dom/cjs/react-dom-client.development.js:9701:13)
      at beginWork 
(node_modules/react-dom/cjs/react-dom-client.development.js:12049:13)
      at runWithFiberInDEV 
(node_modules/react-dom/cjs/react-dom-client.development.js:874:13)
      at performUnitOfWork 
(node_modules/react-dom/cjs/react-dom-client.development.js:17641:22)
      at workLoopSync 
(node_modules/react-dom/cjs/react-dom-client.development.js:17469:41)
      at renderRootSync 
(node_modules/react-dom/cjs/react-dom-client.development.js:17450:11)
      at performWorkOnRoot 
(node_modules/react-dom/cjs/react-dom-client.development.js:16583:35)
      at performWorkOnRootViaSchedulerTask 
(node_modules/react-dom/cjs/react-dom-client.development.js:18957:7)
      at flushActQueue 
(node_modules/react/cjs/react.development.js:590:34)
      at process.env.NODE_ENV.exports.act 
(node_modules/react/cjs/react.development.js:884:10)
      at node_modules/@testing-library/react/dist/act-compat.js:46:25
      at renderRoot 
(node_modules/@testing-library/react/dist/pure.js:189:26)
      at render (node_modules/@testing-library/react/dist/pure.js:291:10)
      at Object.<anonymous> (tests/unit/auth/LoginForm.test.tsx:47:15)

  ΓùÅ LoginForm ΓÇ║ calls handleLogin and redirects on successful login

    Element type is invalid: expected a string (for built-in components) 
or a class/function (for composite components) but got: object.

    Check the render method of `LoginForm`.

    [0m [90m 64 |[39m         
mockHandleLogin[33m.[39mmockResolvedValue({ success[33m:[39m 
[36mtrue[39m[33m,[39m data[33m:[39m { token[33m:[39m 
[32m'fake-token'[39m } })
     [90m 65 |[39m
    [31m[1m>[22m[39m[90m 66 |[39m         
render([33m<[39m[33mLoginForm[39m [33m/[39m[33m>[39m)
     [90m    |[39m               [31m[1m^[22m[39m
     [90m 67 |[39m         [36mconst[39m emailInput [33m=[39m 
screen[33m.[39mgetByPlaceholderText([35m/Email/i[39m)
     [90m 68 |[39m         [36mconst[39m passwordInput [33m=[39m 
screen[33m.[39mgetByPlaceholderText([35m/Password/i[39m)
     [90m 69 |[39m         [36mconst[39m loginButton [33m=[39m 
screen[33m.[39mgetByRole([32m'button'[39m[33m,[39m { 
name[33m:[39m [35m/Log In/i[39m })[0m

      at createFiberFromTypeAndProps 
(node_modules/react-dom/cjs/react-dom-client.development.js:5021:28)
      at createFiberFromElement 
(node_modules/react-dom/cjs/react-dom-client.development.js:5035:14)
      at reconcileChildFibersImpl 
(node_modules/react-dom/cjs/react-dom-client.development.js:6920:31)
      at 
node_modules/react-dom/cjs/react-dom-client.development.js:7098:33
      at reconcileChildren 
(node_modules/react-dom/cjs/react-dom-client.development.js:9701:13)
      at beginWork 
(node_modules/react-dom/cjs/react-dom-client.development.js:12049:13)
      at runWithFiberInDEV 
(node_modules/react-dom/cjs/react-dom-client.development.js:874:13)
      at performUnitOfWork 
(node_modules/react-dom/cjs/react-dom-client.development.js:17641:22)
      at workLoopSync 
(node_modules/react-dom/cjs/react-dom-client.development.js:17469:41)
      at renderRootSync 
(node_modules/react-dom/cjs/react-dom-client.development.js:17450:11)
      at performWorkOnRoot 
(node_modules/react-dom/cjs/react-dom-client.development.js:16583:35)
      at performWorkOnRootViaSchedulerTask 
(node_modules/react-dom/cjs/react-dom-client.development.js:18957:7)
      at flushActQueue 
(node_modules/react/cjs/react.development.js:590:34)
      at process.env.NODE_ENV.exports.act 
(node_modules/react/cjs/react.development.js:884:10)
      at node_modules/@testing-library/react/dist/act-compat.js:46:25
      at renderRoot 
(node_modules/@testing-library/react/dist/pure.js:189:26)
      at render (node_modules/@testing-library/react/dist/pure.js:291:10)
      at Object.<anonymous> (tests/unit/auth/LoginForm.test.tsx:66:15)

  ΓùÅ LoginForm ΓÇ║ shows error alert on failed login

    Element type is invalid: expected a string (for built-in components) 
or a class/function (for composite components) but got: object.

    Check the render method of `LoginForm`.

    [0m [90m 86 |[39m         
mockHandleLogin[33m.[39mmockResolvedValue({ success[33m:[39m 
[36mfalse[39m[33m,[39m message[33m:[39m [32m'Invalid 
credentials'[39m })
     [90m 87 |[39m
    [31m[1m>[22m[39m[90m 88 |[39m         
render([33m<[39m[33mLoginForm[39m [33m/[39m[33m>[39m)
     [90m    |[39m               [31m[1m^[22m[39m
     [90m 89 |[39m         fireEvent[33m.[39mchange(screen[33m.[39m
getByPlaceholderText([35m/Email/i[39m)[33m,[39m { target[33m:[39m 
{ value[33m:[39m [32m'test@example.com'[39m } })
     [90m 90 |[39m         fireEvent[33m.[39mchange(screen[33m.[39m
getByPlaceholderText([35m/Password/i[39m)[33m,[39m { 
target[33m:[39m { value[33m:[39m [32m'wrongpassword'[39m } })
     [90m 91 |[39m         fireEvent[33m.[39mclick(screen[33m.[39mg
etByRole([32m'button'[39m[33m,[39m { name[33m:[39m [35m/Log 
In/i[39m }))[0m

      at createFiberFromTypeAndProps 
(node_modules/react-dom/cjs/react-dom-client.development.js:5021:28)
      at createFiberFromElement 
(node_modules/react-dom/cjs/react-dom-client.development.js:5035:14)
      at reconcileChildFibersImpl 
(node_modules/react-dom/cjs/react-dom-client.development.js:6920:31)
      at 
node_modules/react-dom/cjs/react-dom-client.development.js:7098:33
      at reconcileChildren 
(node_modules/react-dom/cjs/react-dom-client.development.js:9701:13)
      at beginWork 
(node_modules/react-dom/cjs/react-dom-client.development.js:12049:13)
      at runWithFiberInDEV 
(node_modules/react-dom/cjs/react-dom-client.development.js:874:13)
      at performUnitOfWork 
(node_modules/react-dom/cjs/react-dom-client.development.js:17641:22)
      at workLoopSync 
(node_modules/react-dom/cjs/react-dom-client.development.js:17469:41)
      at renderRootSync 
(node_modules/react-dom/cjs/react-dom-client.development.js:17450:11)
      at performWorkOnRoot 
(node_modules/react-dom/cjs/react-dom-client.development.js:16583:35)
      at performWorkOnRootViaSchedulerTask 
(node_modules/react-dom/cjs/react-dom-client.development.js:18957:7)
      at flushActQueue 
(node_modules/react/cjs/react.development.js:590:34)
      at process.env.NODE_ENV.exports.act 
(node_modules/react/cjs/react.development.js:884:10)
      at node_modules/@testing-library/react/dist/act-compat.js:46:25
      at renderRoot 
(node_modules/@testing-library/react/dist/pure.js:189:26)
      at render (node_modules/@testing-library/react/dist/pure.js:291:10)
      at Object.<anonymous> (tests/unit/auth/LoginForm.test.tsx:88:15)

Test Suites: 1 failed, 1 total
Tests:       4 failed, 4 total
Snapshots:   0 total
Time:        1.881 s, estimated 2 s
Ran all test suites matching tests/unit/auth/LoginForm.test.tsx.
